﻿[36mvite v6.4.1 [32mbuilding for production...[36m[39m
transforming...
[32mΓ£ô[39m 17 modules transformed.
npx : [31mΓ£ù[39m Build failed in 
461ms
At line:1 char:1
+ npx vite build > build_error.log 
2>&1
+ ~~~~~~~~~~~~~~~~~~~~~~~~~~~~~~~~~~
~~~
    + CategoryInfo          : NotSp 
   ecified: ([31mΓ£ù[39m Build f  
  ailed in 461ms:String) [], Remo   
 teException
    + FullyQualifiedErrorId : Nativ 
   eCommandError
 
[31merror during build:
[31m[vite:esbuild] Transform 
failed with 1 error:
C:/Projects/Om/QuickHire/frontend/sr
c/pages/Login.jsx:46:6: ERROR: 
Expected identifier but found 
"const"[31m
file: [36mC:/Projects/Om/QuickHire/
frontend/src/pages/Login.jsx:46:6[3
1m
[33m
[33mExpected identifier but found 
"const"[33m
44 |        
localStorage.setItem("user", 
JSON.stringify(data.data));
45 |        const 
46 |        const data1 = await axio
s.get(`${BASE_URL}/api/${formData.ro
le}s/user/${data.data.id}`);
   |        ^
47 |        
localStorage.setItem("wid", 
data1.data.id);
48 |        console.log("User ID 
stored in localStorage:", 
data.data.id);
[31m
    at failureErrorWithLog (C:\Proje
cts\Om\QuickHire\frontend\node_modul
es\esbuild\lib\main.js:1467:15)
    at C:\Projects\Om\QuickHire\fron
tend\node_modules\esbuild\lib\main.j
s:736:50
    at responseCallbacks.<computed> 
(C:\Projects\Om\QuickHire\frontend\n
ode_modules\esbuild\lib\main.js:603:
9)
    at handleIncomingPacket (C:\Proj
ects\Om\QuickHire\frontend\node_modu
les\esbuild\lib\main.js:658:12)
    at Socket.readFromStdout (C:\Pro
jects\Om\QuickHire\frontend\node_mod
ules\esbuild\lib\main.js:581:7)
    at Socket.emit 
(node:events:524:28)
    at addChunk (node:internal/strea
ms/readable:561:12)
    at readableAddChunkPushByteMode 
(node:internal/streams/readable:512:
3)
    at Readable.push (node:internal/
streams/readable:392:5)
    at Pipe.onStreamRead (node:inter
nal/stream_base_commons:191:23)[39m
